@main {
  v1: int = const 4;
  lvn.1: int = const 0;
  print lvn.1;
  print v1;
}
